// Jest Snapshot v1, https://goo.gl/fbAQLP

exports[`handleAllOPCMessages handles multiple messages 1`] = `
Array [
  Array [
    Array [
      0,
      0,
      0,
      0,
      240,
      0,
      0,
      255,
    ],
  ],
  Array [
    Array [
      0,
      0,
      0,
      0,
      240,
      0,
      0,
      255,
    ],
  ],
]
`;

exports[`handleOPCMessage works with sk9822 1`] = `
Array [
  Array [
    0,
    0,
    0,
    0,
    240,
    0,
    0,
    255,
  ],
]
`;

exports[`handleOPCMessage works with ws2811 1`] = `
Array [
  Array [
    32768,
  ],
]
`;
